// Jest Snapshot v1, https://goo.gl/fbAQLP

exports[`Pruebas en <GifItem /> Debe matchear con el snapshot 1`] = `
<div>
  <div
    class="card"
  >
    <img
      alt="Friends"
      src="http://google.com/"
    />
    <p>
      Friends
    </p>
  </div>
</div>
`;
